\BOOKMARK [1][-]{section.1}{\376\377\000P\000r\000o\000b\000l\000e\000m\000\040\000D\000e\000f\000i\000n\000i\000t\000i\000o\000n}{}% 1
\BOOKMARK [1][-]{section.2}{\376\377\000U\000s\000e\000\040\000C\000a\000s\000e\000\040\000S\000c\000e\000n\000a\000r\000i\000o}{}% 2
\BOOKMARK [2][-]{subsection.2.1}{\376\377\000F\000l\000u\000x\000u\000l\000\040\000P\000r\000i\000n\000c\000i\000p\000a\000l}{section.2}% 3
\BOOKMARK [2][-]{subsection.2.2}{\376\377\000G\000e\000s\000t\000i\000o\000n\000a\000r\000e\000a\000\040\000E\000r\000o\000r\000i\000l\000o\000r\000\040\000\050\000C\000e\000\040\000s\000e\000\040\000\356\000n\000t\000\342\000m\000p\000l\001\003\000\040\000d\000a\000c\001\003\000\040\000c\000e\000v\000a\000\040\000n\000u\000\040\000m\000e\000r\000g\000e\000\040\000b\000i\000n\000e\000\051}{section.2}% 4
\BOOKMARK [1][-]{section.3}{\376\377\000D\000i\000a\000g\000r\000a\000m\000s\000\040\000\050\000C\0004\000\040\000M\000o\000d\000e\000l\000\051}{}% 5
\BOOKMARK [2][-]{subsection.3.1}{\376\377\000L\000e\000v\000e\000l\000\040\0001\000:\000\040\000S\000y\000s\000t\000e\000m\000\040\000C\000o\000n\000t\000e\000x\000t\000\040\000D\000i\000a\000g\000r\000a\000m}{section.3}% 6
\BOOKMARK [2][-]{subsection.3.2}{\376\377\000L\000e\000v\000e\000l\000\040\0002\000:\000\040\000C\000o\000n\000t\000a\000i\000n\000e\000r\000\040\000D\000i\000a\000g\000r\000a\000m}{section.3}% 7
\BOOKMARK [2][-]{subsection.3.3}{\376\377\000L\000e\000v\000e\000l\000\040\0003\000:\000\040\000C\000o\000m\000p\000o\000n\000e\000n\000t\000\040\000D\000i\000a\000g\000r\000a\000m\000\040\000\050\000B\000a\000c\000k\000e\000n\000d\000\040\000A\000P\000I\000\051}{section.3}% 8
\BOOKMARK [2][-]{subsection.3.4}{\376\377\000L\000e\000v\000e\000l\000\040\0004\000:\000\040\000C\000o\000d\000e\000\040\000D\000i\000a\000g\000r\000a\000m\000\040\000\050\000C\000l\000a\000s\000s\000\040\000S\000t\000r\000u\000c\000t\000u\000r\000e\000\040\000E\000x\000a\000m\000p\000l\000e\000\051}{section.3}% 9
\BOOKMARK [1][-]{section.4}{\376\377\000A\000r\000h\000i\000t\000e\000c\000t\000u\000r\000a\000\040\000S\000i\000s\000t\000e\000m\000u\000l\000u\000i}{}% 10
\BOOKMARK [2][-]{subsection.4.1}{\376\377\000I\000n\000f\000r\000a\000s\000t\000r\000u\000c\000t\000u\000r\001\003\000:\000\040\000D\000o\000c\000k\000e\000r\000i\000z\000a\000t\000i\000o\000n}{section.4}% 11
\BOOKMARK [2][-]{subsection.4.2}{\376\377\000C\000o\000m\000u\000n\000i\000c\000a\000r\000e\000a\000\040\002\031\000i\000\040\000S\000e\000c\000u\000r\000i\000t\000a\000t\000e\000a\000:\000\040\000A\000P\000I\000\040\000P\000r\000o\000x\000y}{section.4}% 12
\BOOKMARK [2][-]{subsection.4.3}{\376\377\000S\000e\000p\000a\000r\000a\000r\000e\000a\000\040\000R\000e\000s\000p\000o\000n\000s\000a\000b\000i\000l\000i\000t\001\003\002\033\000i\000l\000o\000r\000\040\000\050\000S\000e\000p\000a\000r\000a\000t\000i\000o\000n\000\040\000o\000f\000\040\000C\000o\000n\000c\000e\000r\000n\000s\000\051}{section.4}% 13
\BOOKMARK [1][-]{section.5}{\376\377\000B\000a\000c\000k\000e\000n\000d\000\040\000D\000o\000c\000u\000m\000e\000n\000t\000a\000t\000i\000o\000n}{}% 14
\BOOKMARK [2][-]{subsection.5.1}{\376\377\000A\000P\000I\000\040\000R\000e\000f\000e\000r\000e\000n\000c\000e}{section.5}% 15
\BOOKMARK [3][-]{subsubsection.5.1.1}{\376\377\000E\000n\000d\000p\000o\000i\000n\000t\000:\000\040\000F\000e\000t\000c\000h\000\040\000D\000a\000t\000a}{subsection.5.1}% 16
\BOOKMARK [3][-]{subsubsection.5.1.2}{\376\377\000E\000n\000d\000p\000o\000i\000n\000t\000:\000\040\000L\000i\000s\000t\000\040\000C\000a\000c\000h\000e}{subsection.5.1}% 17
\BOOKMARK [3][-]{subsubsection.5.1.3}{\376\377\000E\000n\000d\000p\000o\000i\000n\000t\000:\000\040\000D\000e\000l\000e\000t\000e\000\040\000C\000a\000c\000h\000e}{subsection.5.1}% 18
\BOOKMARK [2][-]{subsection.5.2}{\376\377\000D\000T\000O\000s\000\040\000S\000t\000r\000u\000c\000t\000u\000r\000e\000\040\000\050\000M\000o\000d\000e\000l\000s\000\051}{section.5}% 19
\BOOKMARK [3][-]{subsubsection.5.2.1}{\376\377\000U\000n\000e\000m\000p\000l\000o\000y\000m\000e\000n\000t\000D\000a\000t\000a\000B\000a\000s\000i\000c}{subsection.5.2}% 20
\BOOKMARK [3][-]{subsubsection.5.2.2}{\376\377\000U\000n\000e\000m\000p\000l\000o\000y\000m\000e\000n\000t\000D\000a\000t\000a\000P\000e\000r\000A\000g\000e\000R\000a\000n\000g\000e}{subsection.5.2}% 21
\BOOKMARK [3][-]{subsubsection.5.2.3}{\376\377\000U\000n\000e\000m\000p\000l\000o\000y\000m\000e\000n\000t\000D\000a\000t\000a\000P\000e\000r\000E\000d\000u\000c\000a\000t\000i\000o\000n\000L\000e\000v\000e\000l}{subsection.5.2}% 22
\BOOKMARK [3][-]{subsubsection.5.2.4}{\376\377\000U\000n\000e\000m\000p\000l\000o\000y\000m\000e\000n\000t\000D\000a\000t\000a\000P\000e\000r\000M\000e\000d\000i\000u\000m}{subsection.5.2}% 23
\BOOKMARK [2][-]{subsection.5.3}{\376\377\000C\000a\000c\000h\000i\000n\000g\000\040\000a\000n\000d\000\040\000T\000r\000a\000n\000s\000f\000o\000r\000m\000a\000t\000i\000o\000n\000\040\000S\000t\000r\000a\000t\000e\000g\000y}{section.5}% 24
\BOOKMARK [3][-]{subsubsection.5.3.1}{\376\377\000M\000e\000c\000a\000n\000i\000s\000m\000u\000l\000\040\000d\000e\000\040\000S\000t\000o\000c\000a\000r\000e}{subsection.5.3}% 25
\BOOKMARK [3][-]{subsubsection.5.3.2}{\376\377\000C\000i\000c\000l\000u\000l\000\040\000d\000e\000\040\000V\000i\000a\002\033\001\003\000\040\000a\000l\000\040\000D\000a\000t\000e\000l\000o\000r\000\040\000\050\000T\000T\000L\000\051}{subsection.5.3}% 26
\BOOKMARK [3][-]{subsubsection.5.3.3}{\376\377\000D\000e\000\040\000c\000e\000\040\000c\000o\000n\000v\000e\000r\000t\000i\000m\000\040\000d\000i\000n\000\040\000C\000S\000V\000\040\000\356\000n\000\040\000J\000S\000O\000N\000?}{subsection.5.3}% 27
\BOOKMARK [1][-]{section.6}{\376\377\000F\000r\000o\000n\000t\000e\000n\000d\000\040\000I\000m\000p\000l\000e\000m\000e\000n\000t\000a\000t\000i\000o\000n}{}% 28
\BOOKMARK [2][-]{subsection.6.1}{\376\377\000M\000e\000c\000a\000n\000i\000s\000m\000u\000l\000\040\000d\000e\000\040\000E\000x\000p\000o\000r\000t}{section.6}% 29
\BOOKMARK [3][-]{subsubsection.6.1.1}{\376\377\000E\000x\000p\000o\000r\000t\000\040\000C\000S\000V\000\040\000\050\000D\000a\000t\000e\000\040\000T\000a\000b\000e\000l\000a\000r\000e\000\051}{subsection.6.1}% 30
\BOOKMARK [3][-]{subsubsection.6.1.2}{\376\377\000E\000x\000p\000o\000r\000t\000\040\000S\000V\000G\000\040\000\050\000V\000e\000c\000t\000o\000r\000i\000a\000l\000\051}{subsection.6.1}% 31
\BOOKMARK [3][-]{subsubsection.6.1.3}{\376\377\000E\000x\000p\000o\000r\000t\000\040\000P\000D\000F\000\040\000\050\000R\000a\000p\000o\000r\000t\000\040\000C\000o\000m\000p\000l\000e\000t\000\051}{subsection.6.1}% 32
\BOOKMARK [3][-]{subsubsection.6.1.4}{\376\377\000E\000x\000p\000o\000r\000t\000\040\000S\000Q\000L\000\040\000\050\000M\000i\000g\000r\000a\000r\000e\000\040\002\031\000i\000\040\000I\000n\000t\000e\000r\000o\000p\000e\000r\000a\000b\000i\000l\000i\000t\000a\000t\000e\000\051}{subsection.6.1}% 33
\BOOKMARK [3][-]{subsubsection.6.1.5}{\376\377\000E\000x\000p\000o\000r\000t\000\040\000J\000S\000O\000N\000\040\000\050\000S\000u\000r\000s\001\003\000\040\000B\000r\000u\000t\001\003\000\051}{subsection.6.1}% 34
\BOOKMARK [2][-]{subsection.6.2}{\376\377\000H\000a\000r\000t\000a\000\040\000I\000n\000t\000e\000r\000a\000c\000t\000i\000v\001\003\000\040\000\050\000L\000e\000a\000f\000l\000e\000t\000\051}{section.6}% 35
\BOOKMARK [2][-]{subsection.6.3}{\376\377\000R\000a\000n\000d\000a\000r\000e\000a\000\040\000G\000r\000a\000f\000i\000c\000e\000l\000o\000r\000\040\000\050\000C\000h\000a\000r\000t\000.\000j\000s\000\051}{section.6}% 36
